alias ls /bin/ls
alias
ls /bin/ls
alias ls
ls /bin/ls
unalias ls
alias
