alias ls /bin/ls
unalias ll
alias
ls /bin/ls
exit
