/bin/ls tests
10.desc
10.err
10.in
10.out
10.rc
10.run
11.desc
11.err
11.in
11.out
11.rc
11.run
12.desc
12.err
12.in
12.out
12.rc
12.run
13.desc
13.err
13.in
13.out
13.rc
13.run
14.desc
14.err
14.in
14.out
14.rc
14.run
15.desc
15.err
15.in
15.out
15.rc
15.run
16.desc
16.err
16.in
16.out
16.rc
16.run
17.desc
17.err
17.in
17.out
17.rc
17.run
18.desc
18.err
18.in
18.out
18.rc
18.run
19.desc
19.err
19.in
19.out
19.pre
19.rc
19.run
1.desc
1.err
1.in
1.out
1.rc
1.run
20.desc
20.err
20.in
20.out
20.rc
20.run
21.desc
21.err
21.in
21.out
21.rc
21.run
22.desc
22.err
22.in
22.out
22.rc
22.run
23.desc
23.err
23.in
23.out
23.rc
23.run
24.desc
24.err
24.in
24.out
24.rc
24.run
25.desc
25.err
25.in
25.out
25.rc
25.run
26.desc
26.err
26.in
26.out
26.rc
26.run
27.desc
27.err
27.in
27.out
27.rc
27.run
28.desc
28.err
28.in
28.out
28.rc
28.run
29.desc
29.err
29.in
29.out
29.rc
29.run
2.desc
2.err
2.in
2.out
2.rc
2.run
30.desc
30.err
30.in
30.out
30.rc
30.run
31.desc
31.err
31.in
31.out
31.pre
31.rc
31.run
32.desc
32.err
32.in
32.out
32.rc
32.run
33.desc
33.err
33.in
33.out
33.rc
33.run
34.desc
34.err
34.in
34.out
34.rc
34.run
35.desc
35.err
35.in
35.out
35.rc
35.run
36.desc
36.err
36.in
36.out
36.rc
36.run
37.desc
37.err
37.in
37.out
37.rc
37.run
3.desc
3.err
3.in
3.out
3.pre
3.rc
3.run
4.desc
4.err
4.in
4.out
4.rc
4.run
5.desc
5.err
5.in
5.out
5.rc
5.run
6.desc
6.err
6.in
6.out
6.rc
6.run
7.desc
7.err
7.in
7.out
7.rc
7.run
8.desc
8.err
8.in
8.out
8.rc
8.run
9.desc
9.err
9.in
9.out
9.rc
9.run
segfault
segfault.c
/bin/cat tests/3.desc
Batchfile with multiple commands as input.
exit
